]0;~/Unencrypted/nd/psychlda[?1034hMacBook-Pro-2:psychlda ktyle_000$ [KMacBook-Pro-2:psychlda ktyle_000$ ls
DESCRIPTION		man
NAMESPACE		psychlda.Rproj
R			src
Read-and-delete-me
]0;~/Unencrypted/nd/psychldaMacBook-Pro-2:psychlda ktyle_000$ pwd
/Users/ktyle_000/Unencrypted/nd/psychlda
]0;~/Unencrypted/nd/psychldaMacBook-Pro-2:psychlda ktyle_000$ pwd
/Users/ktyle_000/Unencrypted/nd/psychlda
]0;~/Unencrypted/nd/psychldaMacBook-Pro-2:psychlda ktyle_000$ pwd[K[K[Kclear
[H[2J]0;~/Unencrypted/nd/psychldaMacBook-Pro-2:psychlda ktyle_000$ git init
Initialized empty Git repository in /Users/ktyle_000/Unencrypted/nd/psychlda/.git/
]0;~/Unencrypted/nd/psychldaMacBook-Pro-2:psychlda ktyle_000$ git add README.md
fatal: pathspec 'README.md' did not match any files
]0;~/Unencrypted/nd/psychldaMacBook-Pro-2:psychlda ktyle_000$ echo ""$"[1P"#" "p"s"y"[1P"[1P"[1P"[1P"[1P"[K[1P"[1P"[1P"[1P"[1P"p"w"d"
> 
> "
bash: pwd

: command not found
]0;~/Unencrypted/nd/psychldaMacBook-Pro-2:psychlda ktyle_000$ pwd
/Users/ktyle_000/Unencrypted/nd/psychlda
]0;~/Unencrypted/nd/psychldaMacBook-Pro-2:psychlda ktyle_000$ ls
DESCRIPTION		man
NAMESPACE		psychlda.Rproj
R			src
Read-and-delete-me
]0;~/Unencrypted/nd/psychldaMacBook-Pro-2:psychlda ktyle_000$ git add [K[K[K[K[K[K[K[Keh[Kcho "$ R[Kpsychlda" >> README.md
]0;~/Unencrypted/nd/psychldaMacBook-Pro-2:psychlda ktyle_000$ git add README.md
]0;~/Unencrypted/nd/psychldaMacBook-Pro-2:psychlda ktyle_000$ git commit -m ""I"n"i"t" "c"o"m"m"i"t"[C
[master (root-commit) 8b718e6] Init commit
 1 file changed, 1 insertion(+)
 create mode 100644 README.md
]0;~/Unencrypted/nd/psychldaMacBook-Pro-2:psychlda ktyle_000$ git remote add origin git [K@github .com:ktw5691/psychlda.git
]0;~/Unencrypted/nd/psychldaMacBook-Pro-2:psychlda ktyle_000$ git push -u origin master
Enumerating objects: 3, done.
Counting objects:  33% (1/3)   Counting objects:  66% (2/3)   Counting objects: 100% (3/3)   Counting objects: 100% (3/3), done.
Writing objects:  33% (1/3)   Writing objects:  66% (2/3)   Writing objects: 100% (3/3)   Writing objects: 100% (3/3), 229 bytes | 229.00 KiB/s, done.
Total 3 (delta 0), reused 0 (delta 0)
To github.com:ktw5691/psychlda.git
 * [new branch]      master -> master
Branch 'master' set up to track remote branch 'master' from 'origin'.
]0;~/Unencrypted/nd/psychldaMacBook-Pro-2:psychlda ktyle_000$ git stuatus[K[K[K[K[Katus
On branch master
Your branch is up to date with 'origin/master'.

Untracked files:
  (use "git add <file>..." to include in what will be committed)

	[31m.Rbuildignore[m
	[31m.Rproj.user/[m
	[31mDESCRIPTION[m
	[31mNAMESPACE[m
	[31mR/[m
	[31mRead-and-delete-me[m
	[31mman/[m
	[31mpsychlda.Rproj[m
	[31msrc/[m

nothing added to commit but untracked files present (use "git add" to track)
]0;~/Unencrypted/nd/psychldaMacBook-Pro-2:psychlda ktyle_000$ nano Re[KEADME.md 
>]0;~/Unencrypted/nd/psychldaMacBook-Pro-2:psychlda ktyle_000$ nano README.md [5Pgit statusnano README.md [Kgit add .